== 1. Floor (fixed before any gate file is read)
tail = 1 - derivation_percentile 0.95 = 1/20
half = relative_materiality_fraction 0.25 / (multiplier 1.5 - 1) = 1/2
RATE_FLOOR = 1/40 = 0.025  (timeouts / records in the reading)
dominance rule unchanged: 'plurality_tie_is_dominant'
  n=100  : a dominant timeout class is material at >= 3 timeouts
  n=200  : a dominant timeout class is material at >= 5 timeouts
  n=351  : a dominant timeout class is material at >= 9 timeouts
  n=1404 : a dominant timeout class is material at >= 36 timeouts
  n=2106 : a dominant timeout class is material at >= 53 timeouts
  n=2457 : a dominant timeout class is material at >= 62 timeouts
alternative COUNT_FLOOR = 10 classified errors (min_stratum_cell_size)

== 2. Re-read of every recorded SC-2 reading (read-only)
reading                          n timeouts errors    rate dominant  flat recorded | rate floor (rec.)                  | count floor (alt.)            
drive1 pooled                  200        0      9   0.00%    False  True     PASS | PASS pass                          | PASS pass                     
drive1b pooled                 200        0      0   0.00%    False  True     PASS | PASS pass                          | PASS pass                     
drive2 pooled                  200        1      3   0.50%    False  True     PASS | PASS pass                          | PASS pass                     
06.3.5 heldout dense-only      351        4      5   1.14%     True  True     MISS | PASS reported (dominant, not material) | PASS reported (dominant, < 10 errors)
06.3.5 heldout bm25-only       351        0      0   0.00%    False  True     PASS | PASS pass                          | PASS pass                     
06.3.5 heldout hybrid          351        6      6   1.71%     True  True     MISS | PASS reported (dominant, not material) | PASS reported (dominant, < 10 errors)
06.3.5 heldout hybrid+graph    351        2      2   0.57%     True  True     MISS | PASS reported (dominant, not material) | PASS reported (dominant, < 10 errors)
06.3.5 heldout pooled         1404       12     13   0.85%     True  True     MISS | PASS reported (dominant, not material) | MISS fail (dominant, >= 10 errors)

verdicts that differ from the recorded ones:
  rate floor (recommended): ['06.3.5 heldout dense-only', '06.3.5 heldout hybrid', '06.3.5 heldout hybrid+graph', '06.3.5 heldout pooled']
  count floor (alternative): ['06.3.5 heldout dense-only', '06.3.5 heldout hybrid', '06.3.5 heldout hybrid+graph']
drives 1, 1b and 2: unchanged under both rules (asserted)
{"d151_sc2_floor": "ok"}
